<?xml version="1.0" encoding="utf-8"?><testsuites name="pytest tests"><testsuite name="pytest" errors="0" failures="0" skipped="0" tests="40" time="20.990" timestamp="2026-06-24T07:44:29.698739+00:00" hostname="runnervm7b5n9"><testcase classname="tests.test_filtering" name="test_normalize_prefilters_accepts_aliases_and_sequences" file="tests/test_filtering.py" line="16" time="0.003" /><testcase classname="tests.test_filtering" name="test_normalize_prefilters_rejects_invalid_name" file="tests/test_filtering.py" line="22" time="0.002" /><testcase classname="tests.test_filtering" name="test_apply_prefilter_preserves_shape_for_2d_and_3d" file="tests/test_filtering.py" line="27" time="0.003" /><testcase classname="tests.test_filtering" name="test_apply_prefilter_rejects_negative_gaussian_sigma" file="tests/test_filtering.py" line="51" time="0.002" /><testcase classname="tests.test_filtering" name="test_apply_postfilters_min_intensity_max_removes_weak_label" file="tests/test_filtering.py" line="61" time="0.002" /><testcase classname="tests.test_filtering" name="test_apply_postfilters_bright_pixel_fraction_removes_sparse_object" file="tests/test_filtering.py" line="77" time="0.002" /><testcase classname="tests.test_filtering" name="test_apply_postfilters_local_contrast_keeps_bright_object_and_removes_dim_object" file="tests/test_filtering.py" line="94" time="0.004" /><testcase classname="tests.test_filtering" name="test_normalize_postfilters_rejects_invalid_values" file="tests/test_filtering.py" line="119" time="0.002" /><testcase classname="tests.test_filtering" name="test_shell_builders_create_nonempty_shells" file="tests/test_filtering.py" line="124" time="0.003" /><testcase classname="tests.test_io_runtime_roi" name="test_convert_length_to_microns_supports_common_units" file="tests/test_io_runtime_roi.py" line="46" time="0.002" /><testcase classname="tests.test_io_runtime_roi" name="test_convert_length_to_microns_rejects_invalid_inputs" file="tests/test_io_runtime_roi.py" line="52" time="0.002" /><testcase classname="tests.test_io_runtime_roi" name="test_resolve_voxel_scale_zyx_supports_yx_input_and_metadata_fallback" file="tests/test_io_runtime_roi.py" line="59" time="0.002" /><testcase classname="tests.test_io_runtime_roi" name="test_extract_zyx_channel_normalizes_single_plane_to_singleton_z" file="tests/test_io_runtime_roi.py" line="73" time="0.002" /><testcase classname="tests.test_io_runtime_roi" name="test_load_analysis_images_uses_monkeypatched_omio_loader" file="tests/test_io_runtime_roi.py" line="81" time="0.004" /><testcase classname="tests.test_io_runtime_roi" name="test_save_load_and_try_load_roi_labels_roundtrip" file="tests/test_io_runtime_roi.py" line="115" time="0.019" /><testcase classname="tests.test_io_runtime_roi" name="test_export_analysis_outputs_writes_expected_files" file="tests/test_io_runtime_roi.py" line="125" time="0.238" /><testcase classname="tests.test_io_runtime_roi" name="test_runtime_helpers_create_and_use_fallbacks" file="tests/test_io_runtime_roi.py" line="148" time="0.003" /><testcase classname="tests.test_io_runtime_roi" name="test_roi_helpers_cover_rasterization_and_centroids" file="tests/test_io_runtime_roi.py" line="163" time="0.003" /><testcase classname="tests.test_segmentation_and_analysis" name="test_segmentation_helpers_and_anisotropy_logic" file="tests/test_segmentation_and_analysis.py" line="72" time="0.003" /><testcase classname="tests.test_segmentation_and_analysis" name="test_segment_threshold_channel_and_optional_region" file="tests/test_segmentation_and_analysis.py" line="86" time="0.004" /><testcase classname="tests.test_segmentation_and_analysis" name="test_projection_and_z_bounds_helpers" file="tests/test_segmentation_and_analysis.py" line="119" time="0.003" /><testcase classname="tests.test_segmentation_and_analysis" name="test_multichannel_threshold_pipeline_end_to_end" file="tests/test_segmentation_and_analysis.py" line="135" time="0.039" /><testcase classname="tests.test_segmentation_and_analysis" name="test_analysis_helpers_on_existing_masks" file="tests/test_segmentation_and_analysis.py" line="190" time="0.015" /><testcase classname="tests.test_segmentation_and_analysis" name="test_refine_run_result_from_cellpose_cache_uses_fake_contexts" file="tests/test_segmentation_and_analysis.py" line="226" time="0.012" /><testcase classname="tests.test_segmentation_cellpose_shims" name="test_create_cellpose_model_and_shared_model_logic" file="tests/test_segmentation_cellpose_shims.py" line="39" time="0.003" /><testcase classname="tests.test_segmentation_cellpose_shims" name="test_evaluate_cellpose_model_for_v4_and_v3" file="tests/test_segmentation_cellpose_shims.py" line="61" time="0.002" /><testcase classname="tests.test_segmentation_cellpose_shims" name="test_evaluate_segmentation_method_requires_model_for_cellpose" file="tests/test_segmentation_cellpose_shims.py" line="81" time="0.002" /><testcase classname="tests.test_single_channel" name="test_single_channel_geometry_helpers" file="tests/test_single_channel.py" line="97" time="0.002" /><testcase classname="tests.test_single_channel" name="test_single_channel_table_builders_2d_and_3d" file="tests/test_single_channel.py" line="105" time="0.017" /><testcase classname="tests.test_single_channel" name="test_single_channel_threshold_pipeline_and_refinement_passthrough" file="tests/test_single_channel.py" line="136" time="0.025" /><testcase classname="tests.test_single_channel" name="test_single_channel_projection_and_export" file="tests/test_single_channel.py" line="167" time="0.031" /><testcase classname="tests.test_single_channel" name="test_single_channel_postfilter_and_missing_cache_error" file="tests/test_single_channel.py" line="189" time="0.015" /><testcase classname="tests.test_single_channel" name="test_single_channel_loaders_and_viewer_helpers" file="tests/test_single_channel.py" line="220" time="0.004" /><testcase classname="tests.test_single_channel" name="test_single_channel_refinement_with_fake_cache" file="tests/test_single_channel.py" line="272" time="0.014" /><testcase classname="tests.test_smoke" name="test_public_api_exports_expected_symbols" file="tests/test_smoke.py" line="19" time="0.002" /><testcase classname="tests.test_smoke" name="test_main_config_objects_can_be_instantiated" file="tests/test_smoke.py" line="28" time="0.002" /><testcase classname="tests.test_smoke" name="test_supported_segmentation_methods_normalize" file="tests/test_smoke.py" line="44" time="0.002" /><testcase classname="tests.test_visualization" name="test_visualization_helpers_update_fake_layers" file="tests/test_visualization.py" line="108" time="0.003" /><testcase classname="tests.test_visualization" name="test_build_roi_labels_and_extract_masks" file="tests/test_visualization.py" line="128" time="0.002" /><testcase classname="tests.test_visualization" name="test_show_analysis_results_and_optional_region_segmentation" file="tests/test_visualization.py" line="146" time="0.004" /></testsuite></testsuites>